ASxxxx Linker V03.00 + NoICE + sdld,  page 1.
Hexadecimal  [32-Bits]

Area                                    Addr        Size        Decimal Bytes (Attributes)
--------------------------------        ----        ----        ------- ----- ------------
.  .ABS.                            00000000    00000000 =           0. bytes (ABS,CON)

      Value  Global                              Global Defined In Module
      -----  --------------------------------   ------------------------
     00000000  .__.ABS.                           _fslt
     00000000  l_CABS                          
     00000000  l_DABS                          
     00000000  l_DATA                          
     00000000  l__CODE                         
     00000000  s_CABS                          
     00000000  s_DABS                          
     00000000  s__CODE                         
     00000001  l_SSEG                          
     00000001  s_DATA                          
     00000001  s_INITIALIZED                   
     00000002  l_INITIALIZED                   
     00000002  l_INITIALIZER                   
     00000003  l_GSFINAL                       
     00000003  s_SSEG                          
     0000001A  l_GSINIT                        
     00000083  l_HOME                          
     00000E8A  l_CODE                          
     00008000  s_HOME                          
     00008083  s_GSINIT                        
     0000809D  s_GSFINAL                       
     000080A0  s_CODE                          
     00008F2A  s_INITIALIZER                   

ASxxxx Linker V03.00 + NoICE + sdld,  page 2.
Hexadecimal  [32-Bits]

Area                                    Addr        Size        Decimal Bytes (Attributes)
--------------------------------        ----        ----        ------- ----- ------------
INITIALIZED                         00000001    00000002 =           2. bytes (REL,CON)

      Value  Global                              Global Defined In Module
      -----  --------------------------------   ------------------------
     00000001  _q                                 main

ASxxxx Linker V03.00 + NoICE + sdld,  page 3.
Hexadecimal  [32-Bits]

Area                                    Addr        Size        Decimal Bytes (Attributes)
--------------------------------        ----        ----        ------- ----- ------------
SSEG                                00000003    00000001 =           1. bytes (REL,CON)

      Value  Global                              Global Defined In Module
      -----  --------------------------------   ------------------------
ASxxxx Linker V03.00 + NoICE + sdld,  page 4.
Hexadecimal  [32-Bits]

Area                                    Addr        Size        Decimal Bytes (Attributes)
--------------------------------        ----        ----        ------- ----- ------------
HOME                                00008000    00000083 =         131. bytes (REL,CON)

      Value  Global                              Global Defined In Module
      -----  --------------------------------   ------------------------
ASxxxx Linker V03.00 + NoICE + sdld,  page 5.
Hexadecimal  [32-Bits]

Area                                    Addr        Size        Decimal Bytes (Attributes)
--------------------------------        ----        ----        ------- ----- ------------
GSINIT                              00008083    0000001A =          26. bytes (REL,CON)

      Value  Global                              Global Defined In Module
      -----  --------------------------------   ------------------------
ASxxxx Linker V03.00 + NoICE + sdld,  page 6.
Hexadecimal  [32-Bits]

Area                                    Addr        Size        Decimal Bytes (Attributes)
--------------------------------        ----        ----        ------- ----- ------------
GSFINAL                             0000809D    00000003 =           3. bytes (REL,CON)

      Value  Global                              Global Defined In Module
      -----  --------------------------------   ------------------------
ASxxxx Linker V03.00 + NoICE + sdld,  page 7.
Hexadecimal  [32-Bits]

Area                                    Addr        Size        Decimal Bytes (Attributes)
--------------------------------        ----        ----        ------- ----- ------------
CODE                                000080A0    00000E8A =        3722. bytes (REL,CON)

      Value  Global                              Global Defined In Module
      -----  --------------------------------   ------------------------
     000080A0  _Init_HSE                          main
     000080CC  _Init_HSI                          main
     00008104  _GPIO_init                         main
     00008159  _ADC_INIT                          main
     00008177  _ADC_read                          main
     000081A4  _out7seg                           main
     000083A7  _delay                             main
     000083C4  _main                              main
     00008597  ___fssub                           _fssub
     000085BA  ___fsmul                           _fsmul
     000088BD  ___fsadd                           _fsadd
     00008B77  ___sint2fs                         _sint2fs
     00008B88  ___fs2sint                         _fs2sint
     00008BC6  __mullong                          
     00008C42  __modsint                          
     00008C58  __divsint                          
     00008C6C  ___fs2slong                        _fs2slong
     00008CBA  ___slong2fs                        _slong2fs
     00008CE4  ___ulong2fs                        _ulong2fs
     00008DA5  ___fs2ulong                        _fs2ulong
     00008E40  ___fslt                            _fslt
ASxxxx Linker V03.00 + NoICE + sdld,  page 8.
Hexadecimal  [32-Bits]

Area                                    Addr        Size        Decimal Bytes (Attributes)
--------------------------------        ----        ----        ------- ----- ------------
INITIALIZER                         00008F2A    00000002 =           2. bytes (REL,CON)

      Value  Global                              Global Defined In Module
      -----  --------------------------------   ------------------------
ASxxxx Linker V03.00 + NoICE + sdld,  page 9.

Files Linked                              [ module(s) ]

build/main.rel                            [ main ]


Libraries Linked                          [ object file ]

/usr/bin/../share/sdcc/lib/stm8/stm8.lib  [ _fssub.rel ]
/usr/bin/../share/sdcc/lib/stm8/stm8.lib  [ _fsmul.rel ]
/usr/bin/../share/sdcc/lib/stm8/stm8.lib  [ _fsadd.rel ]
/usr/bin/../share/sdcc/lib/stm8/stm8.lib  [ _sint2fs.rel ]
/usr/bin/../share/sdcc/lib/stm8/stm8.lib  [ _fs2sint.rel ]
/usr/bin/../share/sdcc/lib/stm8/stm8.lib  [ _mullong.rel ]
/usr/bin/../share/sdcc/lib/stm8/stm8.lib  [ _modsint.rel ]
/usr/bin/../share/sdcc/lib/stm8/stm8.lib  [ _divsint.rel ]
/usr/bin/../share/sdcc/lib/stm8/stm8.lib  [ _fs2slong.rel ]
/usr/bin/../share/sdcc/lib/stm8/stm8.lib  [ _slong2fs.rel ]
/usr/bin/../share/sdcc/lib/stm8/stm8.lib  [ _ulong2fs.rel ]
/usr/bin/../share/sdcc/lib/stm8/stm8.lib  [ _fs2ulong.rel ]
/usr/bin/../share/sdcc/lib/stm8/stm8.lib  [ _fslt.rel ]

ASxxxx Linker V03.00 + NoICE + sdld,  page 10.

User Base Address Definitions

HOME = 0x8000
DATA = 0x0001

