ASxxxx Linker V03.00 + NoICE + sdld,  page 1.
Hexadecimal  [32-Bits]

Area                                    Addr        Size        Decimal Bytes (Attributes)
--------------------------------        ----        ----        ------- ----- ------------
.  .ABS.                            00000000    00000000 =           0. bytes (ABS,CON)

      Value  Global                              Global Defined In Module
      -----  --------------------------------   ------------------------
     00000000  .__.ABS.                           _fslt
     00000000  l_CABS                          
     00000000  l_DABS                          
     00000000  l_DATA                          
     00000000  l_INITIALIZED                   
     00000000  l_INITIALIZER                   
     00000000  l__CODE                         
     00000000  s_CABS                          
     00000000  s_DABS                          
     00000000  s__CODE                         
     00000001  l_SSEG                          
     00000001  s_DATA                          
     00000001  s_INITIALIZED                   
     00000001  s_SSEG                          
     00000003  l_GSFINAL                       
     0000001A  l_GSINIT                        
     00000083  l_HOME                          
     00000FA6  l_CODE                          
     00008000  s_HOME                          
     00008083  s_GSINIT                        
     0000809D  s_GSFINAL                       
     000080A0  s_CODE                          
     00009046  s_INITIALIZER                   

ASxxxx Linker V03.00 + NoICE + sdld,  page 2.
Hexadecimal  [32-Bits]

Area                                    Addr        Size        Decimal Bytes (Attributes)
--------------------------------        ----        ----        ------- ----- ------------
SSEG                                00000001    00000001 =           1. bytes (REL,CON)

      Value  Global                              Global Defined In Module
      -----  --------------------------------   ------------------------
ASxxxx Linker V03.00 + NoICE + sdld,  page 3.
Hexadecimal  [32-Bits]

Area                                    Addr        Size        Decimal Bytes (Attributes)
--------------------------------        ----        ----        ------- ----- ------------
HOME                                00008000    00000083 =         131. bytes (REL,CON)

      Value  Global                              Global Defined In Module
      -----  --------------------------------   ------------------------
ASxxxx Linker V03.00 + NoICE + sdld,  page 4.
Hexadecimal  [32-Bits]

Area                                    Addr        Size        Decimal Bytes (Attributes)
--------------------------------        ----        ----        ------- ----- ------------
GSINIT                              00008083    0000001A =          26. bytes (REL,CON)

      Value  Global                              Global Defined In Module
      -----  --------------------------------   ------------------------
ASxxxx Linker V03.00 + NoICE + sdld,  page 5.
Hexadecimal  [32-Bits]

Area                                    Addr        Size        Decimal Bytes (Attributes)
--------------------------------        ----        ----        ------- ----- ------------
GSFINAL                             0000809D    00000003 =           3. bytes (REL,CON)

      Value  Global                              Global Defined In Module
      -----  --------------------------------   ------------------------
ASxxxx Linker V03.00 + NoICE + sdld,  page 6.
Hexadecimal  [32-Bits]

Area                                    Addr        Size        Decimal Bytes (Attributes)
--------------------------------        ----        ----        ------- ----- ------------
CODE                                000080A0    00000FA6 =        4006. bytes (REL,CON)

      Value  Global                              Global Defined In Module
      -----  --------------------------------   ------------------------
     000080A0  _clk_init_HSE                      main
     000080CF  _clk_init_HSI                      main
     00008107  _GPIO_init                         main
     00008150  __delay_ms                         main
     0000816D  _LCD_enable                        main
     00008185  _LCD_command                       main
     000081C5  _LCD_putc                          main
     00008479  _LCD_puts                          main
     000084F6  _LCD_init                          main
     00008532  _shiftL                            main
     00008558  _shiftR                            main
     0000857E  _ADC_INIT                          main
     0000858A  _ADC_read0                         main
     000085CE  _delay                             main
     000085EB  _main                              main
     000086FD  ___fsmul                           _fsmul
     000089F0  ___fsadd                           _fsadd
     00008CA2  ___sint2fs                         _sint2fs
     00008CB3  ___fs2sint                         _fs2sint
     00008CF1  __mullong                          
     00008D6D  __modsint                          
     00008D83  __divsint                          
     00008D97  ___fs2slong                        _fs2slong
     00008DE5  ___slong2fs                        _slong2fs
     00008E0F  ___ulong2fs                        _ulong2fs
     00008ED0  ___fs2ulong                        _fs2ulong
     00008F64  ___fslt                            _fslt
ASxxxx Linker V03.00 + NoICE + sdld,  page 7.

Files Linked                              [ module(s) ]

build/main.rel                            [ main ]


Libraries Linked                          [ object file ]

/usr/local/bin/../share/sdcc/lib/stm8/stm8.lib
                                          [ _fsmul.rel ]
/usr/local/bin/../share/sdcc/lib/stm8/stm8.lib
                                          [ _fsadd.rel ]
/usr/local/bin/../share/sdcc/lib/stm8/stm8.lib
                                          [ _sint2fs.rel ]
/usr/local/bin/../share/sdcc/lib/stm8/stm8.lib
                                          [ _fs2sint.rel ]
/usr/local/bin/../share/sdcc/lib/stm8/stm8.lib
                                          [ _mullong.rel ]
/usr/local/bin/../share/sdcc/lib/stm8/stm8.lib
                                          [ _modsint.rel ]
/usr/local/bin/../share/sdcc/lib/stm8/stm8.lib
                                          [ _divsint.rel ]
/usr/local/bin/../share/sdcc/lib/stm8/stm8.lib
                                          [ _fs2slong.rel ]
/usr/local/bin/../share/sdcc/lib/stm8/stm8.lib
                                          [ _slong2fs.rel ]
/usr/local/bin/../share/sdcc/lib/stm8/stm8.lib
                                          [ _ulong2fs.rel ]
/usr/local/bin/../share/sdcc/lib/stm8/stm8.lib
                                          [ _fs2ulong.rel ]
/usr/local/bin/../share/sdcc/lib/stm8/stm8.lib
                                          [ _fslt.rel ]

ASxxxx Linker V03.00 + NoICE + sdld,  page 8.

User Base Address Definitions

HOME = 0x8000
DATA = 0x0001

